// Jest Snapshot v1, https://goo.gl/fbAQLP

exports[`Loading Page tests should snapshot correctly 1`] = `
<div
  className="loader"
>
  <img
    className="loader__image"
    src="images/loader.gif"
  />
</div>
`;
